../Core/Inc/DataLogger.h:72:20:DATA_LOG_4CH_FLOAT_config	32	static
../Core/Inc/DataLogger.h:109:20:DATA_LOG_4CH_INT_config	24	static
../Core/Inc/DataLogger.h:145:20:DATA_LOG_4CH_FLOAT_run	16	static
../Core/Src/main.c:370:5:main	48	static
../Core/Src/main.c:715:6:SystemClock_Config	88	static
../Core/Src/main.c:761:13:MX_NVIC_Init	8	static
../Core/Src/main.c:776:13:MX_ADC2_Init	72	static
../Core/Src/main.c:867:13:MX_ADC4_Init	40	static
../Core/Src/main.c:944:13:MX_TIM1_Init	120	static
../Core/Src/main.c:1045:13:MX_TIM3_Init	64	static
../Core/Src/main.c:1104:13:MX_TIM4_Init	64	static
../Core/Src/main.c:1162:13:MX_TIM8_Init	120	static
../Core/Src/main.c:1253:13:MX_USART2_UART_Init	8	static
../Core/Src/main.c:1299:13:MX_DMA_Init	16	static
../Core/Src/main.c:1318:13:MX_GPIO_Init	56	static
../Core/Src/main.c:1403:6:Reset_Controllers	4	static
../Core/Src/main.c:1415:6:PWM_start	8	static
../Core/Src/main.c:1433:6:PWM_stop	8	static
../Core/Src/main.c:1450:6:PrintScreen	16	static
../Core/Src/main.c:1563:6:printDataLog	32	static
../Core/Src/main.c:1618:6:HAL_ADCEx_InjectedConvCpltCallback	24	static
../Core/Src/main.c:2323:6:HAL_TIM_PeriodElapsedCallback	24	static
../Core/Src/main.c:2537:6:Check_OCFault	16	static
../Core/Src/main.c:2564:6:runVDCramp	4	static
../Core/Src/main.c:2587:6:PFC_PWM_start	8	static
../Core/Src/main.c:2591:6:PFC_PWM_stop	8	static
../Core/Src/main.c:2596:6:UARTCommands	8	static
../Core/Src/main.c:2708:6:Error_Handler	4	static,ignoring_inline_asm
