../Core/Inc/DataLogger.h:72:20:DATA_LOG_4CH_FLOAT_config	32	static
../Core/Inc/DataLogger.h:109:20:DATA_LOG_4CH_INT_config	24	static
../Core/Inc/DataLogger.h:145:20:DATA_LOG_4CH_FLOAT_run	16	static
../Core/Src/main.c:361:5:main	48	static
../Core/Src/main.c:689:6:SystemClock_Config	88	static
../Core/Src/main.c:735:13:MX_NVIC_Init	8	static
../Core/Src/main.c:750:13:MX_ADC2_Init	72	static
../Core/Src/main.c:841:13:MX_ADC4_Init	40	static
../Core/Src/main.c:918:13:MX_TIM1_Init	120	static
../Core/Src/main.c:1008:13:MX_TIM3_Init	64	static
../Core/Src/main.c:1067:13:MX_TIM4_Init	64	static
../Core/Src/main.c:1125:13:MX_TIM8_Init	120	static
../Core/Src/main.c:1216:13:MX_USART2_UART_Init	8	static
../Core/Src/main.c:1262:13:MX_DMA_Init	16	static
../Core/Src/main.c:1281:13:MX_GPIO_Init	56	static
../Core/Src/main.c:1366:6:Reset_Controllers	4	static
../Core/Src/main.c:1378:6:PWM_start	8	static
../Core/Src/main.c:1396:6:PWM_stop	8	static
../Core/Src/main.c:1413:6:PrintScreen	16	static
../Core/Src/main.c:1526:6:printDataLog	32	static
../Core/Src/main.c:1564:6:HAL_ADCEx_InjectedConvCpltCallback	24	static
../Core/Src/main.c:2257:6:HAL_TIM_PeriodElapsedCallback	24	static
../Core/Src/main.c:2477:6:Check_OCFault	16	static
../Core/Src/main.c:2504:6:runVDCramp	4	static
../Core/Src/main.c:2527:6:PFC_PWM_start	8	static
../Core/Src/main.c:2531:6:PFC_PWM_stop	8	static
../Core/Src/main.c:2536:6:UARTCommands	8	static
../Core/Src/main.c:2645:6:Error_Handler	4	static,ignoring_inline_asm
